ERROR - 2026-04-29 08:01:27 --> Error connecting to the database: mysqli_sql_exception: No such file or directory in /home/mandresy47/Bureau/S4/SI/Ecole/ecole/vendor/codeigniter4/framework/system/Database/MySQLi/Connection.php:201
Stack trace:
#0 /home/mandresy47/Bureau/S4/SI/Ecole/ecole/vendor/codeigniter4/framework/system/Database/MySQLi/Connection.php(201): mysqli->real_connect()
#1 /home/mandresy47/Bureau/S4/SI/Ecole/ecole/vendor/codeigniter4/framework/system/Database/BaseConnection.php(555): CodeIgniter\Database\MySQLi\Connection->connect()
#2 /home/mandresy47/Bureau/S4/SI/Ecole/ecole/vendor/codeigniter4/framework/system/Database/BaseConnection.php(795): CodeIgniter\Database\BaseConnection->initialize()
#3 /home/mandresy47/Bureau/S4/SI/Ecole/ecole/vendor/codeigniter4/framework/system/Database/BaseBuilder.php(1649): CodeIgniter\Database\BaseConnection->query()
#4 /home/mandresy47/Bureau/S4/SI/Ecole/ecole/vendor/codeigniter4/framework/system/Model.php(253): CodeIgniter\Database\BaseBuilder->get()
#5 /home/mandresy47/Bureau/S4/SI/Ecole/ecole/vendor/codeigniter4/framework/system/BaseModel.php(676): CodeIgniter\Model->doFindAll()
#6 /home/mandresy47/Bureau/S4/SI/Ecole/ecole/app/Models/StudentModel.php(26): CodeIgniter\BaseModel->findAll()
#7 /home/mandresy47/Bureau/S4/SI/Ecole/ecole/app/Controllers/Notes.php(14): App\Models\StudentModel->getStudentsForList()
#8 /home/mandresy47/Bureau/S4/SI/Ecole/ecole/vendor/codeigniter4/framework/system/CodeIgniter.php(951): App\Controllers\Notes->index()
#9 /home/mandresy47/Bureau/S4/SI/Ecole/ecole/vendor/codeigniter4/framework/system/CodeIgniter.php(497): CodeIgniter\CodeIgniter->runController()
#10 /home/mandresy47/Bureau/S4/SI/Ecole/ecole/vendor/codeigniter4/framework/system/CodeIgniter.php(340): CodeIgniter\CodeIgniter->handleRequest()
#11 /home/mandresy47/Bureau/S4/SI/Ecole/ecole/vendor/codeigniter4/framework/system/Boot.php(417): CodeIgniter\CodeIgniter->run()
#12 /home/mandresy47/Bureau/S4/SI/Ecole/ecole/vendor/codeigniter4/framework/system/Boot.php(68): CodeIgniter\Boot::runCodeIgniter()
#13 /home/mandresy47/Bureau/S4/SI/Ecole/ecole/public/index.php(59): CodeIgniter\Boot::bootWeb()
#14 /home/mandresy47/Bureau/S4/SI/Ecole/ecole/vendor/codeigniter4/framework/system/rewrite.php(44): require_once('...')
#15 {main}

Next CodeIgniter\Database\Exceptions\DatabaseException: No such file or directory in /home/mandresy47/Bureau/S4/SI/Ecole/ecole/vendor/codeigniter4/framework/system/Database/MySQLi/Connection.php:231
Stack trace:
#0 /home/mandresy47/Bureau/S4/SI/Ecole/ecole/vendor/codeigniter4/framework/system/Database/BaseConnection.php(555): CodeIgniter\Database\MySQLi\Connection->connect()
#1 /home/mandresy47/Bureau/S4/SI/Ecole/ecole/vendor/codeigniter4/framework/system/Database/BaseConnection.php(795): CodeIgniter\Database\BaseConnection->initialize()
#2 /home/mandresy47/Bureau/S4/SI/Ecole/ecole/vendor/codeigniter4/framework/system/Database/BaseBuilder.php(1649): CodeIgniter\Database\BaseConnection->query()
#3 /home/mandresy47/Bureau/S4/SI/Ecole/ecole/vendor/codeigniter4/framework/system/Model.php(253): CodeIgniter\Database\BaseBuilder->get()
#4 /home/mandresy47/Bureau/S4/SI/Ecole/ecole/vendor/codeigniter4/framework/system/BaseModel.php(676): CodeIgniter\Model->doFindAll()
#5 /home/mandresy47/Bureau/S4/SI/Ecole/ecole/app/Models/StudentModel.php(26): CodeIgniter\BaseModel->findAll()
#6 /home/mandresy47/Bureau/S4/SI/Ecole/ecole/app/Controllers/Notes.php(14): App\Models\StudentModel->getStudentsForList()
#7 /home/mandresy47/Bureau/S4/SI/Ecole/ecole/vendor/codeigniter4/framework/system/CodeIgniter.php(951): App\Controllers\Notes->index()
#8 /home/mandresy47/Bureau/S4/SI/Ecole/ecole/vendor/codeigniter4/framework/system/CodeIgniter.php(497): CodeIgniter\CodeIgniter->runController()
#9 /home/mandresy47/Bureau/S4/SI/Ecole/ecole/vendor/codeigniter4/framework/system/CodeIgniter.php(340): CodeIgniter\CodeIgniter->handleRequest()
#10 /home/mandresy47/Bureau/S4/SI/Ecole/ecole/vendor/codeigniter4/framework/system/Boot.php(417): CodeIgniter\CodeIgniter->run()
#11 /home/mandresy47/Bureau/S4/SI/Ecole/ecole/vendor/codeigniter4/framework/system/Boot.php(68): CodeIgniter\Boot::runCodeIgniter()
#12 /home/mandresy47/Bureau/S4/SI/Ecole/ecole/public/index.php(59): CodeIgniter\Boot::bootWeb()
#13 /home/mandresy47/Bureau/S4/SI/Ecole/ecole/vendor/codeigniter4/framework/system/rewrite.php(44): require_once('...')
#14 {main}
CRITICAL - 2026-04-29 08:01:27 --> CodeIgniter\Database\Exceptions\DatabaseException: Unable to connect to the database.
Main connection [MySQLi]: No such file or directory
[Method: GET, Route: notes]
in SYSTEMPATH/Database/BaseConnection.php on line 606.
 1 SYSTEMPATH/Database/BaseConnection.php(795): CodeIgniter\Database\BaseConnection->initialize()
 2 SYSTEMPATH/Database/BaseBuilder.php(1649): CodeIgniter\Database\BaseConnection->query()
 3 SYSTEMPATH/Model.php(253): CodeIgniter\Database\BaseBuilder->get()
 4 SYSTEMPATH/BaseModel.php(676): CodeIgniter\Model->doFindAll()
 5 APPPATH/Models/StudentModel.php(26): CodeIgniter\BaseModel->findAll()
 6 APPPATH/Controllers/Notes.php(14): App\Models\StudentModel->getStudentsForList()
 7 SYSTEMPATH/CodeIgniter.php(951): App\Controllers\Notes->index()
 8 SYSTEMPATH/CodeIgniter.php(497): CodeIgniter\CodeIgniter->runController()
 9 SYSTEMPATH/CodeIgniter.php(340): CodeIgniter\CodeIgniter->handleRequest()
10 SYSTEMPATH/Boot.php(417): CodeIgniter\CodeIgniter->run()
11 SYSTEMPATH/Boot.php(68): CodeIgniter\Boot::runCodeIgniter()
12 FCPATH/index.php(59): CodeIgniter\Boot::bootWeb()
13 SYSTEMPATH/rewrite.php(44): require_once('/home/mandresy47/Bureau/S4/SI/Ecole/ecole/public/index.php')
